lib/matching-engine.ts(2,21): error TS2305: Module '"@prisma/client"' has no exported member 'OrderType'.
lib/matching-engine.ts(2,32): error TS2305: Module '"@prisma/client"' has no exported member 'OrderStatus'.
lib/matching-engine.ts(49,28): error TS2339: Property 'order' does not exist on type 'Omit<PrismaClient<PrismaClientOptions, never, DefaultArgs>, "$connect" | "$disconnect" | "$on" | "$transaction" | "$use" | "$extends">'.
lib/matching-engine.ts(268,28): error TS2339: Property 'order' does not exist on type 'Omit<PrismaClient<PrismaClientOptions, never, DefaultArgs>, "$connect" | "$disconnect" | "$on" | "$transaction" | "$use" | "$extends">'.
lib/matching-engine.ts(300,21): error TS2339: Property 'order' does not exist on type 'Omit<PrismaClient<PrismaClientOptions, never, DefaultArgs>, "$connect" | "$disconnect" | "$on" | "$transaction" | "$use" | "$extends">'.
